-.  -.  -:  -:  -.  -.  -.  -.
  -#  -:  -:  -T  -%  -.  -.
-.  -:  -.  -%  -T  -+  -+  -T
  -%  -:  -:  -%  -+  -:  -+
-.  -~  -:  -:  -.  -8  -+  -.
  -.  -:  -:  -&  -~  -.  -.
-.  -~  -*  D.  -.  -~  -~  -.
  -.  -:  D:  D.  -.  -%  -.
-.  -.  -:  -:  -.  -.  -.  -.
  -#  -:  -:  -T  -%  -.  -.
-.  -.  -:  -:  -.  -.  -.  -.
  -#  S:  -:  -T  -%  W.  -.
-.  -:  -:  -%  -T  -+  -+  -T
  -%  -:  -:  -%  -+  -:  -+
-~  -~  -:  -:  -.  -8  -+  -.
  -~  -:  -:  -&  -~  -.  -.
-.  -:  -*  -.  -.  -~  -~  -.
  -.  -:  -:  -.  -.  -%  -.
-.  -.  -:  W:  -.  S.  -.  -.
  -#  -:  -:  -T  -%  -.  -.
-.  -.  -:  -:  -.  -.  -.  -.
  -#  -:  -:  -T  -%  -.  -.
-.  -:  -:  -%  -T  -+  -+  -T
  -%  -:  -:  -%  -+  -:  -+
-~  -~  -:  -:  -.  -8  -+  -.
  -~  -:  -:  -&  -~  -.  -.
-.  -:  -*  -.  -.  -~  -~  -.
  -.  -:  -:  -.  -.  -%  -.
-.  -.  -:  -:  -.  -.  -.  -.
  -#  -:  -:  -T  -%  -.  -.
-.  -.  -:  -:  -.  -.  -.  -.
  -#  -:  -:  -T  -%  -.  -.
-.  -:  -:  -%  -T  -+  -+  -T
  -%  -:  -:  -%  -+  -:  -+
-~  -~  -:  -:  -.  -8  -+  -.
  -~  -:  -:  -&  -~  -.  -.
-.  -:  -*  -.  -.  -~  -~  -.
  -.  -:  -:  -.  -.  -%  -.
-.  -.  -:  -:  -.  -.  -.  -.
  -#  -:  -:  -T  -%  -.  -.  